[wallet-sync.dev/index.html]
[backblue.gif]
[fade.gif]
[index.html]
[wallet-sync.dev/fontawesome-free/css/all.min.css]
[wallet-sync.dev/static/css/main.9a4e297a.chunk.css]
[wallet-sync.dev/static/js/main.14b27c05.chunk.js]
[wallet-sync.dev/index.html]
[wallet-sync.dev/static/js/2.59a200a0.chunk.js]
[wallet-sync.dev/fontawesome-free/webfonts/fa-brands-400.eot]
[wallet-sync.dev/fontawesome-free/webfonts/fa-brands-400d41d.eot]
[wallet-sync.dev/fontawesome-free/webfonts/fa-brands-400.woff2]
[wallet-sync.dev/fontawesome-free/webfonts/fa-brands-400.ttf]
[wallet-sync.dev/fontawesome-free/webfonts/fa-brands-400.woff]
[wallet-sync.dev/fontawesome-free/webfonts/fa-regular-400.eot]
[wallet-sync.dev/fontawesome-free/webfonts/fa-regular-400d41d.eot]
[wallet-sync.dev/fontawesome-free/webfonts/fa-regular-400.woff2]
[wallet-sync.dev/fontawesome-free/webfonts/fa-regular-400.woff]
[wallet-sync.dev/fontawesome-free/webfonts/fa-brands-400.svg]
[wallet-sync.dev/fontawesome-free/webfonts/fa-regular-400.ttf]
[wallet-sync.dev/fontawesome-free/webfonts/fa-regular-400.svg]
[wallet-sync.dev/fontawesome-free/webfonts/fa-solid-900d41d.eot]
[wallet-sync.dev/fontawesome-free/webfonts/fa-solid-900.eot]
[wallet-sync.dev/fontawesome-free/webfonts/fa-solid-900.woff2]
[wallet-sync.dev/fontawesome-free/webfonts/fa-solid-900.woff]
[wallet-sync.dev/fontawesome-free/webfonts/fa-solid-900.ttf]
[wallet-sync.dev/fontawesome-free/css/all.min.css]
[wallet-sync.dev/static/css/main.9a4e297a.chunk.css]
[wallet-sync.dev/fontawesome-free/webfonts/fa-brands-400.svg]
[wallet-sync.dev/fontawesome-free/webfonts/fa-regular-400.svg]
[wallet-sync.dev/fontawesome-free/webfonts/fa-solid-900.svg]
[wallet-sync.dev/fontawesome-free/webfonts/fa-solid-900.svg]
